región=Toda LATAM
INFO httpx: HTTP Request: GET https://startupeable.com/feed/ "HTTP/1.1 200 OK"
INFO httpx: HTTP Request: GET https://contxto.com/feed/ "HTTP/1.1 200 OK"
INFO httpx: HTTP Request: GET https://www.lavca.org/feed/ "HTTP/1.1 200 OK"
INFO httpx: HTTP Request: GET https://latamlist.com/feed/ "HTTP/1.1 200 OK"
INFO httpx: HTTP Request: GET https://www.bloomberglinea.com/arc/outboundfeeds/rss/?outputType=xml "HTTP/1.1 200 OK"
INFO httpx: HTTP Request: GET https://www.forbes.com.mx/feed/ "HTTP/1.1 301 Moved Permanently"
INFO httpx: HTTP Request: GET https://forbes.com.mx/feed/ "HTTP/1.1 403 Forbidden"
INFO httpx: HTTP Request: GET https://elceo.com/feed/ "HTTP/1.1 403 Forbidden"
INFO httpx: HTTP Request: GET https://www.xataka.com.mx/tag/feeds/rss2.xml "HTTP/1.1 200 OK"
INFO hd_scraper.pipeline: rss_fijos[Kaszek/ronda] vistos=0 escritos=0 no_fechados=0 duplicados=0 rechazados=0 filtrados=0 errores=0
rss_fijos[Kaszek/ronda] vistos=0 escritos=0 no_fechados=0 duplicados=0 rechazados=0 filtrados=0 errores=0
INFO httpx: HTTP Request: GET https://startupeable.com/feed/ "HTTP/1.1 200 OK"
INFO httpx: HTTP Request: GET https://contxto.com/feed/ "HTTP/1.1 200 OK"
INFO httpx: HTTP Request: GET https://www.lavca.org/feed/ "HTTP/1.1 200 OK"
INFO httpx: HTTP Request: GET https://latamlist.com/feed/ "HTTP/1.1 200 OK"
INFO httpx: HTTP Request: GET https://www.bloomberglinea.com/arc/outboundfeeds/rss/?outputType=xml "HTTP/1.1 200 OK"
INFO httpx: HTTP Request: GET https://www.forbes.com.mx/feed/ "HTTP/1.1 301 Moved Permanently"
INFO httpx: HTTP Request: GET https://forbes.com.mx/feed/ "HTTP/1.1 403 Forbidden"
INFO httpx: HTTP Request: GET https://elceo.com/feed/ "HTTP/1.1 403 Forbidden"
INFO httpx: HTTP Request: GET https://www.xataka.com.mx/tag/feeds/rss2.xml "HTTP/1.1 200 OK"
INFO hd_scraper.pipeline: rss_fijos[monashees/ronda] vistos=0 escritos=0 no_fechados=0 duplicados=0 rechazados=0 filtrados=0 errores=0
rss_fijos[monashees/ronda] vistos=0 escritos=0 no_fechados=0 duplicados=0 rechazados=0 filtrados=0 errores=0
INFO httpx: HTTP Request: GET https://startupeable.com/feed/ "HTTP/1.1 200 OK"
INFO httpx: HTTP Request: GET https://contxto.com/feed/ "HTTP/1.1 200 OK"
INFO httpx: HTTP Request: GET https://www.lavca.org/feed/ "HTTP/1.1 200 OK"
INFO httpx: HTTP Request: GET https://latamlist.com/feed/ "HTTP/1.1 200 OK"
INFO httpx: HTTP Request: GET https://www.bloomberglinea.com/arc/outboundfeeds/rss/?outputType=xml "HTTP/1.1 200 OK"
INFO httpx: HTTP Request: GET https://www.forbes.com.mx/feed/ "HTTP/1.1 301 Moved Permanently"
INFO httpx: HTTP Request: GET https://forbes.com.mx/feed/ "HTTP/1.1 403 Forbidden"
INFO httpx: HTTP Request: GET https://elceo.com/feed/ "HTTP/1.1 403 Forbidden"
INFO httpx: HTTP Request: GET https://www.xataka.com.mx/tag/feeds/rss2.xml "HTTP/1.1 200 OK"
INFO hd_scraper.pipeline: rss_fijos[NXTP Ventures/ronda] vistos=0 escritos=0 no_fechados=0 duplicados=0 rechazados=0 filtrados=0 errores=0
rss_fijos[NXTP Ventures/ronda] vistos=0 escritos=0 no_fechados=0 duplicados=0 rechazados=0 filtrados=0 errores=0
INFO httpx: HTTP Request: GET https://startupeable.com/feed/ "HTTP/1.1 200 OK"
INFO httpx: HTTP Request: GET https://contxto.com/feed/ "HTTP/1.1 200 OK"
INFO httpx: HTTP Request: GET https://www.lavca.org/feed/ "HTTP/1.1 200 OK"
INFO httpx: HTTP Request: GET https://latamlist.com/feed/ "HTTP/1.1 200 OK"
INFO httpx: HTTP Request: GET https://www.bloomberglinea.com/arc/outboundfeeds/rss/?outputType=xml "HTTP/1.1 200 OK"
INFO httpx: HTTP Request: GET https://www.forbes.com.mx/feed/ "HTTP/1.1 301 Moved Permanently"
INFO httpx: HTTP Request: GET https://forbes.com.mx/feed/ "HTTP/1.1 403 Forbidden"
INFO httpx: HTTP Request: GET https://elceo.com/feed/ "HTTP/1.1 403 Forbidden"
INFO httpx: HTTP Request: GET https://www.xataka.com.mx/tag/feeds/rss2.xml "HTTP/1.1 200 OK"
INFO hd_scraper.pipeline: rss_fijos[ALLVP/ronda] vistos=0 escritos=0 no_fechados=0 duplicados=0 rechazados=0 filtrados=0 errores=0
rss_fijos[ALLVP/ronda] vistos=0 escritos=0 no_fechados=0 duplicados=0 rechazados=0 filtrados=0 errores=0
INFO httpx: HTTP Request: GET https://startupeable.com/feed/ "HTTP/1.1 200 OK"
INFO httpx: HTTP Request: GET https://contxto.com/feed/ "HTTP/1.1 200 OK"
INFO httpx: HTTP Request: GET https://www.lavca.org/feed/ "HTTP/1.1 200 OK"
INFO httpx: HTTP Request: GET https://latamlist.com/feed/ "HTTP/1.1 200 OK"
INFO httpx: HTTP Request: GET https://www.bloomberglinea.com/arc/outboundfeeds/rss/?outputType=xml "HTTP/1.1 200 OK"
INFO httpx: HTTP Request: GET https://www.forbes.com.mx/feed/ "HTTP/1.1 301 Moved Permanently"
INFO httpx: HTTP Request: GET https://forbes.com.mx/feed/ "HTTP/1.1 403 Forbidden"
INFO httpx: HTTP Request: GET https://elceo.com/feed/ "HTTP/1.1 403 Forbidden"
INFO httpx: HTTP Request: GET https://www.xataka.com.mx/tag/feeds/rss2.xml "HTTP/1.1 200 OK"
INFO hd_scraper.pipeline: rss_fijos[Dalus Capital/ronda] vistos=0 escritos=0 no_fechados=0 duplicados=0 rechazados=0 filtrados=0 errores=0
rss_fijos[Dalus Capital/ronda] vistos=0 escritos=0 no_fechados=0 duplicados=0 rechazados=0 filtrados=0 errores=0
INFO httpx: HTTP Request: GET https://startupeable.com/feed/ "HTTP/1.1 200 OK"
INFO httpx: HTTP Request: GET https://contxto.com/feed/ "HTTP/1.1 200 OK"
INFO httpx: HTTP Request: GET https://www.lavca.org/feed/ "HTTP/1.1 200 OK"
INFO httpx: HTTP Request: GET https://latamlist.com/feed/ "HTTP/1.1 200 OK"
INFO httpx: HTTP Request: GET https://www.bloomberglinea.com/arc/outboundfeeds/rss/?outputType=xml "HTTP/1.1 200 OK"
INFO httpx: HTTP Request: GET https://www.forbes.com.mx/feed/ "HTTP/1.1 301 Moved Permanently"
INFO httpx: HTTP Request: GET https://forbes.com.mx/feed/ "HTTP/1.1 403 Forbidden"
INFO httpx: HTTP Request: GET https://elceo.com/feed/ "HTTP/1.1 403 Forbidden"
INFO httpx: HTTP Request: GET https://www.xataka.com.mx/tag/feeds/rss2.xml "HTTP/1.1 200 OK"
INFO hd_scraper.pipeline: rss_fijos[Cometa/ronda] vistos=0 escritos=0 no_fechados=0 duplicados=0 rechazados=0 filtrados=0 errores=0
rss_fijos[Cometa/ronda] vistos=0 escritos=0 no_fechados=0 duplicados=0 rechazados=0 filtrados=0 errores=0
INFO httpx: HTTP Request: GET https://startupeable.com/feed/ "HTTP/1.1 200 OK"
INFO httpx: HTTP Request: GET https://contxto.com/feed/ "HTTP/1.1 200 OK"
INFO httpx: HTTP Request: GET https://www.lavca.org/feed/ "HTTP/1.1 200 OK"
INFO httpx: HTTP Request: GET https://latamlist.com/feed/ "HTTP/1.1 200 OK"
INFO httpx: HTTP Request: GET https://www.bloomberglinea.com/arc/outboundfeeds/rss/?outputType=xml "HTTP/1.1 200 OK"
INFO httpx: HTTP Request: GET https://www.forbes.com.mx/feed/ "HTTP/1.1 301 Moved Permanently"
INFO httpx: HTTP Request: GET https://forbes.com.mx/feed/ "HTTP/1.1 403 Forbidden"
INFO httpx: HTTP Request: GET https://elceo.com/feed/ "HTTP/1.1 403 Forbidden"
INFO httpx: HTTP Request: GET https://www.xataka.com.mx/tag/feeds/rss2.xml "HTTP/1.1 200 OK"
INFO hd_scraper.pipeline: rss_fijos[Angel Ventures/ronda] vistos=0 escritos=0 no_fechados=0 duplicados=0 rechazados=0 filtrados=0 errores=0
rss_fijos[Angel Ventures/ronda] vistos=0 escritos=0 no_fechados=0 duplicados=0 rechazados=0 filtrados=0 errores=0
INFO httpx: HTTP Request: GET https://startupeable.com/feed/ "HTTP/1.1 200 OK"
INFO httpx: HTTP Request: GET https://contxto.com/feed/ "HTTP/1.1 200 OK"
INFO httpx: HTTP Request: GET https://www.lavca.org/feed/ "HTTP/1.1 200 OK"
INFO httpx: HTTP Request: GET https://latamlist.com/feed/ "HTTP/1.1 200 OK"
INFO httpx: HTTP Request: GET https://www.bloomberglinea.com/arc/outboundfeeds/rss/?outputType=xml "HTTP/1.1 200 OK"
INFO httpx: HTTP Request: GET https://www.forbes.com.mx/feed/ "HTTP/1.1 301 Moved Permanently"
INFO httpx: HTTP Request: GET https://forbes.com.mx/feed/ "HTTP/1.1 403 Forbidden"
INFO httpx: HTTP Request: GET https://elceo.com/feed/ "HTTP/1.1 403 Forbidden"
INFO httpx: HTTP Request: GET https://www.xataka.com.mx/tag/feeds/rss2.xml "HTTP/1.1 200 OK"
INFO hd_scraper.pipeline: rss_fijos[Mountain Nazca/ronda] vistos=0 escritos=0 no_fechados=0 duplicados=0 rechazados=0 filtrados=0 errores=0
rss_fijos[Mountain Nazca/ronda] vistos=0 escritos=0 no_fechados=0 duplicados=0 rechazados=0 filtrados=0 errores=0
INFO httpx: HTTP Request: GET https://startupeable.com/feed/ "HTTP/1.1 200 OK"
INFO httpx: HTTP Request: GET https://contxto.com/feed/ "HTTP/1.1 200 OK"
INFO httpx: HTTP Request: GET https://www.lavca.org/feed/ "HTTP/1.1 200 OK"
INFO httpx: HTTP Request: GET https://latamlist.com/feed/ "HTTP/1.1 200 OK"
INFO httpx: HTTP Request: GET https://www.bloomberglinea.com/arc/outboundfeeds/rss/?outputType=xml "HTTP/1.1 200 OK"
INFO httpx: HTTP Request: GET https://www.forbes.com.mx/feed/ "HTTP/1.1 301 Moved Permanently"
INFO httpx: HTTP Request: GET https://forbes.com.mx/feed/ "HTTP/1.1 403 Forbidden"
INFO httpx: HTTP Request: GET https://elceo.com/feed/ "HTTP/1.1 403 Forbidden"
INFO httpx: HTTP Request: GET https://www.xataka.com.mx/tag/feeds/rss2.xml "HTTP/1.1 200 OK"
INFO hd_scraper.pipeline: rss_fijos[Magma Partners/ronda] vistos=0 escritos=0 no_fechados=0 duplicados=0 rechazados=0 filtrados=0 errores=0
rss_fijos[Magma Partners/ronda] vistos=0 escritos=0 no_fechados=0 duplicados=0 rechazados=0 filtrados=0 errores=0
INFO httpx: HTTP Request: GET https://startupeable.com/feed/ "HTTP/1.1 200 OK"
INFO httpx: HTTP Request: GET https://contxto.com/feed/ "HTTP/1.1 200 OK"
INFO httpx: HTTP Request: GET https://www.lavca.org/feed/ "HTTP/1.1 200 OK"
INFO httpx: HTTP Request: GET https://latamlist.com/feed/ "HTTP/1.1 200 OK"
INFO httpx: HTTP Request: GET https://www.bloomberglinea.com/arc/outboundfeeds/rss/?outputType=xml "HTTP/1.1 200 OK"
INFO httpx: HTTP Request: GET https://www.forbes.com.mx/feed/ "HTTP/1.1 301 Moved Permanently"
INFO httpx: HTTP Request: GET https://forbes.com.mx/feed/ "HTTP/1.1 403 Forbidden"
INFO httpx: HTTP Request: GET https://elceo.com/feed/ "HTTP/1.1 403 Forbidden"
INFO httpx: HTTP Request: GET https://www.xataka.com.mx/tag/feeds/rss2.xml "HTTP/1.1 200 OK"
INFO hd_scraper.pipeline: rss_fijos[Amplifica Capital/ronda] vistos=0 escritos=0 no_fechados=0 duplicados=0 rechazados=0 filtrados=0 errores=0
rss_fijos[Amplifica Capital/ronda] vistos=0 escritos=0 no_fechados=0 duplicados=0 rechazados=0 filtrados=0 errores=0
INFO httpx: HTTP Request: GET https://startupeable.com/feed/ "HTTP/1.1 200 OK"
INFO httpx: HTTP Request: GET https://contxto.com/feed/ "HTTP/1.1 200 OK"
INFO httpx: HTTP Request: GET https://www.lavca.org/feed/ "HTTP/1.1 200 OK"
INFO httpx: HTTP Request: GET https://latamlist.com/feed/ "HTTP/1.1 200 OK"
INFO httpx: HTTP Request: GET https://www.bloomberglinea.com/arc/outboundfeeds/rss/?outputType=xml "HTTP/1.1 200 OK"
INFO httpx: HTTP Request: GET https://www.forbes.com.mx/feed/ "HTTP/1.1 301 Moved Permanently"
INFO httpx: HTTP Request: GET https://forbes.com.mx/feed/ "HTTP/1.1 403 Forbidden"
INFO httpx: HTTP Request: GET https://elceo.com/feed/ "HTTP/1.1 403 Forbidden"
INFO httpx: HTTP Request: GET https://www.xataka.com.mx/tag/feeds/rss2.xml "HTTP/1.1 200 OK"
INFO hd_scraper.pipeline: rss_fijos[Nubank/ronda] vistos=1 escritos=0 no_fechados=0 duplicados=1 rechazados=0 filtrados=0 errores=0
rss_fijos[Nubank/ronda] vistos=1 escritos=0 no_fechados=0 duplicados=1 rechazados=0 filtrados=0 errores=0
INFO httpx: HTTP Request: GET https://startupeable.com/feed/ "HTTP/1.1 200 OK"
INFO httpx: HTTP Request: GET https://contxto.com/feed/ "HTTP/1.1 200 OK"
INFO httpx: HTTP Request: GET https://www.lavca.org/feed/ "HTTP/1.1 200 OK"
INFO httpx: HTTP Request: GET https://latamlist.com/feed/ "HTTP/1.1 200 OK"
INFO httpx: HTTP Request: GET https://www.bloomberglinea.com/arc/outboundfeeds/rss/?outputType=xml "HTTP/1.1 200 OK"
INFO httpx: HTTP Request: GET https://www.forbes.com.mx/feed/ "HTTP/1.1 301 Moved Permanently"
INFO httpx: HTTP Request: GET https://forbes.com.mx/feed/ "HTTP/1.1 403 Forbidden"
INFO httpx: HTTP Request: GET https://elceo.com/feed/ "HTTP/1.1 403 Forbidden"
INFO httpx: HTTP Request: GET https://www.xataka.com.mx/tag/feeds/rss2.xml "HTTP/1.1 200 OK"
INFO hd_scraper.pipeline: rss_fijos[Rappi/ronda] vistos=0 escritos=0 no_fechados=0 duplicados=0 rechazados=0 filtrados=0 errores=0
rss_fijos[Rappi/ronda] vistos=0 escritos=0 no_fechados=0 duplicados=0 rechazados=0 filtrados=0 errores=0
INFO httpx: HTTP Request: GET https://startupeable.com/feed/ "HTTP/1.1 200 OK"
INFO httpx: HTTP Request: GET https://contxto.com/feed/ "HTTP/1.1 200 OK"
INFO httpx: HTTP Request: GET https://www.lavca.org/feed/ "HTTP/1.1 200 OK"
INFO httpx: HTTP Request: GET https://latamlist.com/feed/ "HTTP/1.1 200 OK"
INFO httpx: HTTP Request: GET https://www.bloomberglinea.com/arc/outboundfeeds/rss/?outputType=xml "HTTP/1.1 200 OK"
INFO httpx: HTTP Request: GET https://www.forbes.com.mx/feed/ "HTTP/1.1 301 Moved Permanently"
INFO httpx: HTTP Request: GET https://forbes.com.mx/feed/ "HTTP/1.1 403 Forbidden"
INFO httpx: HTTP Request: GET https://elceo.com/feed/ "HTTP/1.1 403 Forbidden"
INFO httpx: HTTP Request: GET https://www.xataka.com.mx/tag/feeds/rss2.xml "HTTP/1.1 200 OK"
INFO hd_scraper.pipeline: rss_fijos[Kavak/ronda] vistos=0 escritos=0 no_fechados=0 duplicados=0 rechazados=0 filtrados=0 errores=0
rss_fijos[Kavak/ronda] vistos=0 escritos=0 no_fechados=0 duplicados=0 rechazados=0 filtrados=0 errores=0
INFO httpx: HTTP Request: GET https://startupeable.com/feed/ "HTTP/1.1 200 OK"
INFO httpx: HTTP Request: GET https://contxto.com/feed/ "HTTP/1.1 200 OK"
INFO httpx: HTTP Request: GET https://www.lavca.org/feed/ "HTTP/1.1 200 OK"
INFO httpx: HTTP Request: GET https://latamlist.com/feed/ "HTTP/1.1 200 OK"
INFO httpx: HTTP Request: GET https://www.bloomberglinea.com/arc/outboundfeeds/rss/?outputType=xml "HTTP/1.1 200 OK"
INFO httpx: HTTP Request: GET https://www.forbes.com.mx/feed/ "HTTP/1.1 301 Moved Permanently"
INFO httpx: HTTP Request: GET https://forbes.com.mx/feed/ "HTTP/1.1 403 Forbidden"
INFO httpx: HTTP Request: GET https://elceo.com/feed/ "HTTP/1.1 403 Forbidden"
INFO httpx: HTTP Request: GET https://www.xataka.com.mx/tag/feeds/rss2.xml "HTTP/1.1 200 OK"
INFO hd_scraper.pipeline: rss_fijos[Bitso/ronda] vistos=0 escritos=0 no_fechados=0 duplicados=0 rechazados=0 filtrados=0 errores=0
rss_fijos[Bitso/ronda] vistos=0 escritos=0 no_fechados=0 duplicados=0 rechazados=0 filtrados=0 errores=0
INFO httpx: HTTP Request: GET https://startupeable.com/feed/ "HTTP/1.1 200 OK"
INFO httpx: HTTP Request: GET https://contxto.com/feed/ "HTTP/1.1 200 OK"
INFO httpx: HTTP Request: GET https://www.lavca.org/feed/ "HTTP/1.1 200 OK"
INFO httpx: HTTP Request: GET https://latamlist.com/feed/ "HTTP/1.1 200 OK"
INFO httpx: HTTP Request: GET https://www.bloomberglinea.com/arc/outboundfeeds/rss/?outputType=xml "HTTP/1.1 200 OK"
INFO httpx: HTTP Request: GET https://www.forbes.com.mx/feed/ "HTTP/1.1 301 Moved Permanently"
INFO httpx: HTTP Request: GET https://forbes.com.mx/feed/ "HTTP/1.1 403 Forbidden"
INFO httpx: HTTP Request: GET https://elceo.com/feed/ "HTTP/1.1 403 Forbidden"
INFO httpx: HTTP Request: GET https://www.xataka.com.mx/tag/feeds/rss2.xml "HTTP/1.1 200 OK"
INFO hd_scraper.pipeline: rss_fijos[Clip/ronda] vistos=0 escritos=0 no_fechados=0 duplicados=0 rechazados=0 filtrados=0 errores=0
rss_fijos[Clip/ronda] vistos=0 escritos=0 no_fechados=0 duplicados=0 rechazados=0 filtrados=0 errores=0
INFO httpx: HTTP Request: GET https://startupeable.com/feed/ "HTTP/1.1 200 OK"
INFO httpx: HTTP Request: GET https://contxto.com/feed/ "HTTP/1.1 200 OK"
INFO httpx: HTTP Request: GET https://www.lavca.org/feed/ "HTTP/1.1 200 OK"
INFO httpx: HTTP Request: GET https://latamlist.com/feed/ "HTTP/1.1 200 OK"
INFO httpx: HTTP Request: GET https://www.bloomberglinea.com/arc/outboundfeeds/rss/?outputType=xml "HTTP/1.1 200 OK"
INFO httpx: HTTP Request: GET https://www.forbes.com.mx/feed/ "HTTP/1.1 301 Moved Permanently"
INFO httpx: HTTP Request: GET https://forbes.com.mx/feed/ "HTTP/1.1 403 Forbidden"
INFO httpx: HTTP Request: GET https://elceo.com/feed/ "HTTP/1.1 403 Forbidden"
INFO httpx: HTTP Request: GET https://www.xataka.com.mx/tag/feeds/rss2.xml "HTTP/1.1 200 OK"
INFO hd_scraper.pipeline: rss_fijos[Konfío/ronda] vistos=0 escritos=0 no_fechados=0 duplicados=0 rechazados=0 filtrados=0 errores=0
rss_fijos[Konfío/ronda] vistos=0 escritos=0 no_fechados=0 duplicados=0 rechazados=0 filtrados=0 errores=0
INFO httpx: HTTP Request: GET https://startupeable.com/feed/ "HTTP/1.1 200 OK"
INFO httpx: HTTP Request: GET https://contxto.com/feed/ "HTTP/1.1 200 OK"
INFO httpx: HTTP Request: GET https://www.lavca.org/feed/ "HTTP/1.1 200 OK"
INFO httpx: HTTP Request: GET https://latamlist.com/feed/ "HTTP/1.1 200 OK"
INFO httpx: HTTP Request: GET https://www.bloomberglinea.com/arc/outboundfeeds/rss/?outputType=xml "HTTP/1.1 200 OK"
INFO httpx: HTTP Request: GET https://www.forbes.com.mx/feed/ "HTTP/1.1 301 Moved Permanently"
INFO httpx: HTTP Request: GET https://forbes.com.mx/feed/ "HTTP/1.1 403 Forbidden"
INFO httpx: HTTP Request: GET https://elceo.com/feed/ "HTTP/1.1 403 Forbidden"
INFO httpx: HTTP Request: GET https://www.xataka.com.mx/tag/feeds/rss2.xml "HTTP/1.1 200 OK"
INFO hd_scraper.pipeline: rss_fijos[Clara/ronda] vistos=2 escritos=2 no_fechados=0 duplicados=0 rechazados=0 filtrados=0 errores=0
rss_fijos[Clara/ronda] vistos=2 escritos=2 no_fechados=0 duplicados=0 rechazados=0 filtrados=0 errores=0
INFO httpx: HTTP Request: GET https://startupeable.com/feed/ "HTTP/1.1 200 OK"
INFO httpx: HTTP Request: GET https://contxto.com/feed/ "HTTP/1.1 200 OK"
INFO httpx: HTTP Request: GET https://www.lavca.org/feed/ "HTTP/1.1 200 OK"
INFO httpx: HTTP Request: GET https://latamlist.com/feed/ "HTTP/1.1 200 OK"
INFO httpx: HTTP Request: GET https://www.bloomberglinea.com/arc/outboundfeeds/rss/?outputType=xml "HTTP/1.1 200 OK"
INFO httpx: HTTP Request: GET https://www.forbes.com.mx/feed/ "HTTP/1.1 301 Moved Permanently"
INFO httpx: HTTP Request: GET https://forbes.com.mx/feed/ "HTTP/1.1 403 Forbidden"
INFO httpx: HTTP Request: GET https://elceo.com/feed/ "HTTP/1.1 403 Forbidden"
INFO httpx: HTTP Request: GET https://www.xataka.com.mx/tag/feeds/rss2.xml "HTTP/1.1 200 OK"
INFO hd_scraper.pipeline: rss_fijos[Nowports/ronda] vistos=0 escritos=0 no_fechados=0 duplicados=0 rechazados=0 filtrados=0 errores=0
rss_fijos[Nowports/ronda] vistos=0 escritos=0 no_fechados=0 duplicados=0 rechazados=0 filtrados=0 errores=0
INFO httpx: HTTP Request: GET https://startupeable.com/feed/ "HTTP/1.1 200 OK"
INFO httpx: HTTP Request: GET https://contxto.com/feed/ "HTTP/1.1 200 OK"
INFO httpx: HTTP Request: GET https://www.lavca.org/feed/ "HTTP/1.1 200 OK"
INFO httpx: HTTP Request: GET https://latamlist.com/feed/ "HTTP/1.1 200 OK"
INFO httpx: HTTP Request: GET https://www.bloomberglinea.com/arc/outboundfeeds/rss/?outputType=xml "HTTP/1.1 200 OK"
INFO httpx: HTTP Request: GET https://www.forbes.com.mx/feed/ "HTTP/1.1 301 Moved Permanently"
INFO httpx: HTTP Request: GET https://forbes.com.mx/feed/ "HTTP/1.1 403 Forbidden"
INFO httpx: HTTP Request: GET https://elceo.com/feed/ "HTTP/1.1 403 Forbidden"
INFO httpx: HTTP Request: GET https://www.xataka.com.mx/tag/feeds/rss2.xml "HTTP/1.1 200 OK"
INFO hd_scraper.pipeline: rss_fijos[Ualá/ronda] vistos=1 escritos=1 no_fechados=0 duplicados=0 rechazados=0 filtrados=0 errores=0
rss_fijos[Ualá/ronda] vistos=1 escritos=1 no_fechados=0 duplicados=0 rechazados=0 filtrados=0 errores=0
INFO httpx: HTTP Request: GET https://startupeable.com/feed/ "HTTP/1.1 200 OK"
INFO httpx: HTTP Request: GET https://contxto.com/feed/ "HTTP/1.1 200 OK"
INFO httpx: HTTP Request: GET https://www.lavca.org/feed/ "HTTP/1.1 200 OK"
INFO httpx: HTTP Request: GET https://latamlist.com/feed/ "HTTP/1.1 200 OK"
INFO httpx: HTTP Request: GET https://www.bloomberglinea.com/arc/outboundfeeds/rss/?outputType=xml "HTTP/1.1 200 OK"
INFO httpx: HTTP Request: GET https://www.forbes.com.mx/feed/ "HTTP/1.1 301 Moved Permanently"
INFO httpx: HTTP Request: GET https://forbes.com.mx/feed/ "HTTP/1.1 403 Forbidden"
INFO httpx: HTTP Request: GET https://elceo.com/feed/ "HTTP/1.1 403 Forbidden"
INFO httpx: HTTP Request: GET https://www.xataka.com.mx/tag/feeds/rss2.xml "HTTP/1.1 200 OK"
INFO hd_scraper.pipeline: rss_fijos[Jüsto/ronda] vistos=0 escritos=0 no_fechados=0 duplicados=0 rechazados=0 filtrados=0 errores=0
rss_fijos[Jüsto/ronda] vistos=0 escritos=0 no_fechados=0 duplicados=0 rechazados=0 filtrados=0 errores=0
INFO httpx: HTTP Request: GET https://startupeable.com/feed/ "HTTP/1.1 200 OK"
INFO httpx: HTTP Request: GET https://contxto.com/feed/ "HTTP/1.1 200 OK"
INFO httpx: HTTP Request: GET https://www.lavca.org/feed/ "HTTP/1.1 200 OK"
INFO httpx: HTTP Request: GET https://latamlist.com/feed/ "HTTP/1.1 200 OK"
INFO httpx: HTTP Request: GET https://www.bloomberglinea.com/arc/outboundfeeds/rss/?outputType=xml "HTTP/1.1 200 OK"
INFO httpx: HTTP Request: GET https://www.forbes.com.mx/feed/ "HTTP/1.1 301 Moved Permanently"
INFO httpx: HTTP Request: GET https://forbes.com.mx/feed/ "HTTP/1.1 403 Forbidden"
INFO httpx: HTTP Request: GET https://elceo.com/feed/ "HTTP/1.1 403 Forbidden"
INFO httpx: HTTP Request: GET https://www.xataka.com.mx/tag/feeds/rss2.xml "HTTP/1.1 200 OK"
INFO hd_scraper.pipeline: rss_fijos[Palenca/ronda] vistos=0 escritos=0 no_fechados=0 duplicados=0 rechazados=0 filtrados=0 errores=0
rss_fijos[Palenca/ronda] vistos=0 escritos=0 no_fechados=0 duplicados=0 rechazados=0 filtrados=0 errores=0
INFO httpx: HTTP Request: GET https://startupeable.com/feed/ "HTTP/1.1 200 OK"
INFO httpx: HTTP Request: GET https://contxto.com/feed/ "HTTP/1.1 200 OK"
INFO httpx: HTTP Request: GET https://www.lavca.org/feed/ "HTTP/1.1 200 OK"
INFO httpx: HTTP Request: GET https://latamlist.com/feed/ "HTTP/1.1 200 OK"
INFO httpx: HTTP Request: GET https://www.bloomberglinea.com/arc/outboundfeeds/rss/?outputType=xml "HTTP/1.1 200 OK"
INFO httpx: HTTP Request: GET https://www.forbes.com.mx/feed/ "HTTP/1.1 301 Moved Permanently"
INFO httpx: HTTP Request: GET https://forbes.com.mx/feed/ "HTTP/1.1 403 Forbidden"
INFO httpx: HTTP Request: GET https://elceo.com/feed/ "HTTP/1.1 403 Forbidden"
INFO httpx: HTTP Request: GET https://www.xataka.com.mx/tag/feeds/rss2.xml "HTTP/1.1 200 OK"
INFO hd_scraper.pipeline: rss_fijos[Trii/ronda] vistos=0 escritos=0 no_fechados=0 duplicados=0 rechazados=0 filtrados=0 errores=0
rss_fijos[Trii/ronda] vistos=0 escritos=0 no_fechados=0 duplicados=0 rechazados=0 filtrados=0 errores=0
INFO httpx: HTTP Request: GET https://startupeable.com/feed/ "HTTP/1.1 200 OK"
INFO httpx: HTTP Request: GET https://contxto.com/feed/ "HTTP/1.1 200 OK"
INFO httpx: HTTP Request: GET https://www.lavca.org/feed/ "HTTP/1.1 200 OK"
INFO httpx: HTTP Request: GET https://latamlist.com/feed/ "HTTP/1.1 200 OK"
INFO httpx: HTTP Request: GET https://www.bloomberglinea.com/arc/outboundfeeds/rss/?outputType=xml "HTTP/1.1 200 OK"
INFO httpx: HTTP Request: GET https://www.forbes.com.mx/feed/ "HTTP/1.1 301 Moved Permanently"
INFO httpx: HTTP Request: GET https://forbes.com.mx/feed/ "HTTP/1.1 403 Forbidden"
INFO httpx: HTTP Request: GET https://elceo.com/feed/ "HTTP/1.1 403 Forbidden"
INFO httpx: HTTP Request: GET https://www.xataka.com.mx/tag/feeds/rss2.xml "HTTP/1.1 200 OK"
INFO hd_scraper.pipeline: rss_fijos[Toku/ronda] vistos=0 escritos=0 no_fechados=0 duplicados=0 rechazados=0 filtrados=0 errores=0
rss_fijos[Toku/ronda] vistos=0 escritos=0 no_fechados=0 duplicados=0 rechazados=0 filtrados=0 errores=0
INFO httpx: HTTP Request: GET https://startupeable.com/feed/ "HTTP/1.1 200 OK"
INFO httpx: HTTP Request: GET https://contxto.com/feed/ "HTTP/1.1 200 OK"
INFO httpx: HTTP Request: GET https://www.lavca.org/feed/ "HTTP/1.1 200 OK"
INFO httpx: HTTP Request: GET https://latamlist.com/feed/ "HTTP/1.1 200 OK"
INFO httpx: HTTP Request: GET https://www.bloomberglinea.com/arc/outboundfeeds/rss/?outputType=xml "HTTP/1.1 200 OK"
INFO httpx: HTTP Request: GET https://www.forbes.com.mx/feed/ "HTTP/1.1 301 Moved Permanently"
INFO httpx: HTTP Request: GET https://forbes.com.mx/feed/ "HTTP/1.1 403 Forbidden"
INFO httpx: HTTP Request: GET https://elceo.com/feed/ "HTTP/1.1 403 Forbidden"
INFO httpx: HTTP Request: GET https://www.xataka.com.mx/tag/feeds/rss2.xml "HTTP/1.1 200 OK"
INFO hd_scraper.pipeline: rss_fijos[Cobre/ronda] vistos=0 escritos=0 no_fechados=0 duplicados=0 rechazados=0 filtrados=0 errores=0
rss_fijos[Cobre/ronda] vistos=0 escritos=0 no_fechados=0 duplicados=0 rechazados=0 filtrados=0 errores=0
INFO httpx: HTTP Request: GET https://startupeable.com/feed/ "HTTP/1.1 200 OK"
INFO httpx: HTTP Request: GET https://contxto.com/feed/ "HTTP/1.1 200 OK"
INFO httpx: HTTP Request: GET https://www.lavca.org/feed/ "HTTP/1.1 200 OK"
INFO httpx: HTTP Request: GET https://latamlist.com/feed/ "HTTP/1.1 200 OK"
INFO httpx: HTTP Request: GET https://www.bloomberglinea.com/arc/outboundfeeds/rss/?outputType=xml "HTTP/1.1 200 OK"
INFO httpx: HTTP Request: GET https://www.forbes.com.mx/feed/ "HTTP/1.1 301 Moved Permanently"
INFO httpx: HTTP Request: GET https://forbes.com.mx/feed/ "HTTP/1.1 403 Forbidden"
INFO httpx: HTTP Request: GET https://elceo.com/feed/ "HTTP/1.1 403 Forbidden"
INFO httpx: HTTP Request: GET https://www.xataka.com.mx/tag/feeds/rss2.xml "HTTP/1.1 200 OK"
INFO hd_scraper.pipeline: rss_fijos[Mundi/ronda] vistos=4 escritos=4 no_fechados=0 duplicados=0 rechazados=0 filtrados=0 errores=0
rss_fijos[Mundi/ronda] vistos=4 escritos=4 no_fechados=0 duplicados=0 rechazados=0 filtrados=0 errores=0
INFO httpx: HTTP Request: GET https://startupeable.com/feed/ "HTTP/1.1 200 OK"
INFO httpx: HTTP Request: GET https://contxto.com/feed/ "HTTP/1.1 200 OK"
INFO httpx: HTTP Request: GET https://www.lavca.org/feed/ "HTTP/1.1 200 OK"
INFO httpx: HTTP Request: GET https://latamlist.com/feed/ "HTTP/1.1 200 OK"
INFO httpx: HTTP Request: GET https://www.bloomberglinea.com/arc/outboundfeeds/rss/?outputType=xml "HTTP/1.1 200 OK"
INFO httpx: HTTP Request: GET https://www.forbes.com.mx/feed/ "HTTP/1.1 301 Moved Permanently"
INFO httpx: HTTP Request: GET https://forbes.com.mx/feed/ "HTTP/1.1 403 Forbidden"
INFO httpx: HTTP Request: GET https://elceo.com/feed/ "HTTP/1.1 403 Forbidden"
INFO httpx: HTTP Request: GET https://www.xataka.com.mx/tag/feeds/rss2.xml "HTTP/1.1 200 OK"
INFO hd_scraper.pipeline: rss_fijos[Kamino/ronda] vistos=0 escritos=0 no_fechados=0 duplicados=0 rechazados=0 filtrados=0 errores=0
rss_fijos[Kamino/ronda] vistos=0 escritos=0 no_fechados=0 duplicados=0 rechazados=0 filtrados=0 errores=0
INFO httpx: HTTP Request: GET https://startupeable.com/feed/ "HTTP/1.1 200 OK"
INFO httpx: HTTP Request: GET https://contxto.com/feed/ "HTTP/1.1 200 OK"
INFO httpx: HTTP Request: GET https://www.lavca.org/feed/ "HTTP/1.1 200 OK"
INFO httpx: HTTP Request: GET https://latamlist.com/feed/ "HTTP/1.1 200 OK"
INFO httpx: HTTP Request: GET https://www.bloomberglinea.com/arc/outboundfeeds/rss/?outputType=xml "HTTP/1.1 200 OK"
INFO httpx: HTTP Request: GET https://www.forbes.com.mx/feed/ "HTTP/1.1 301 Moved Permanently"
INFO httpx: HTTP Request: GET https://forbes.com.mx/feed/ "HTTP/1.1 403 Forbidden"
INFO httpx: HTTP Request: GET https://elceo.com/feed/ "HTTP/1.1 403 Forbidden"
INFO httpx: HTTP Request: GET https://www.xataka.com.mx/tag/feeds/rss2.xml "HTTP/1.1 200 OK"
INFO hd_scraper.pipeline: rss_fijos[Trace Finance/ronda] vistos=0 escritos=0 no_fechados=0 duplicados=0 rechazados=0 filtrados=0 errores=0
rss_fijos[Trace Finance/ronda] vistos=0 escritos=0 no_fechados=0 duplicados=0 rechazados=0 filtrados=0 errores=0
INFO httpx: HTTP Request: GET https://startupeable.com/feed/ "HTTP/1.1 200 OK"
INFO httpx: HTTP Request: GET https://contxto.com/feed/ "HTTP/1.1 200 OK"
INFO httpx: HTTP Request: GET https://www.lavca.org/feed/ "HTTP/1.1 200 OK"
INFO httpx: HTTP Request: GET https://latamlist.com/feed/ "HTTP/1.1 200 OK"
INFO httpx: HTTP Request: GET https://www.bloomberglinea.com/arc/outboundfeeds/rss/?outputType=xml "HTTP/1.1 200 OK"
INFO httpx: HTTP Request: GET https://www.forbes.com.mx/feed/ "HTTP/1.1 301 Moved Permanently"
INFO httpx: HTTP Request: GET https://forbes.com.mx/feed/ "HTTP/1.1 403 Forbidden"
INFO httpx: HTTP Request: GET https://elceo.com/feed/ "HTTP/1.1 403 Forbidden"
INFO httpx: HTTP Request: GET https://www.xataka.com.mx/tag/feeds/rss2.xml "HTTP/1.1 200 OK"
INFO hd_scraper.pipeline: rss_fijos[Divibank/ronda] vistos=0 escritos=0 no_fechados=0 duplicados=0 rechazados=0 filtrados=0 errores=0
rss_fijos[Divibank/ronda] vistos=0 escritos=0 no_fechados=0 duplicados=0 rechazados=0 filtrados=0 errores=0
INFO httpx: HTTP Request: GET https://startupeable.com/feed/ "HTTP/1.1 200 OK"
INFO httpx: HTTP Request: GET https://contxto.com/feed/ "HTTP/1.1 200 OK"
INFO httpx: HTTP Request: GET https://www.lavca.org/feed/ "HTTP/1.1 200 OK"
INFO httpx: HTTP Request: GET https://latamlist.com/feed/ "HTTP/1.1 200 OK"
INFO httpx: HTTP Request: GET https://www.bloomberglinea.com/arc/outboundfeeds/rss/?outputType=xml "HTTP/1.1 200 OK"
INFO httpx: HTTP Request: GET https://www.forbes.com.mx/feed/ "HTTP/1.1 301 Moved Permanently"
INFO httpx: HTTP Request: GET https://forbes.com.mx/feed/ "HTTP/1.1 403 Forbidden"
INFO httpx: HTTP Request: GET https://elceo.com/feed/ "HTTP/1.1 403 Forbidden"
INFO httpx: HTTP Request: GET https://www.xataka.com.mx/tag/feeds/rss2.xml "HTTP/1.1 200 OK"
INFO hd_scraper.pipeline: rss_fijos[Pomelo/ronda] vistos=0 escritos=0 no_fechados=0 duplicados=0 rechazados=0 filtrados=0 errores=0
rss_fijos[Pomelo/ronda] vistos=0 escritos=0 no_fechados=0 duplicados=0 rechazados=0 filtrados=0 errores=0
INFO httpx: HTTP Request: GET https://startupeable.com/feed/ "HTTP/1.1 200 OK"
INFO httpx: HTTP Request: GET https://contxto.com/feed/ "HTTP/1.1 200 OK"
INFO httpx: HTTP Request: GET https://www.lavca.org/feed/ "HTTP/1.1 200 OK"
INFO httpx: HTTP Request: GET https://latamlist.com/feed/ "HTTP/1.1 200 OK"
INFO httpx: HTTP Request: GET https://www.bloomberglinea.com/arc/outboundfeeds/rss/?outputType=xml "HTTP/1.1 200 OK"
INFO httpx: HTTP Request: GET https://www.forbes.com.mx/feed/ "HTTP/1.1 301 Moved Permanently"
INFO httpx: HTTP Request: GET https://forbes.com.mx/feed/ "HTTP/1.1 403 Forbidden"
INFO httpx: HTTP Request: GET https://elceo.com/feed/ "HTTP/1.1 403 Forbidden"
INFO httpx: HTTP Request: GET https://www.xataka.com.mx/tag/feeds/rss2.xml "HTTP/1.1 200 OK"
INFO hd_scraper.pipeline: rss_fijos[Simetrik/ronda] vistos=0 escritos=0 no_fechados=0 duplicados=0 rechazados=0 filtrados=0 errores=0
rss_fijos[Simetrik/ronda] vistos=0 escritos=0 no_fechados=0 duplicados=0 rechazados=0 filtrados=0 errores=0
INFO httpx: HTTP Request: GET https://startupeable.com/feed/ "HTTP/1.1 200 OK"
INFO httpx: HTTP Request: GET https://contxto.com/feed/ "HTTP/1.1 200 OK"
INFO httpx: HTTP Request: GET https://www.lavca.org/feed/ "HTTP/1.1 200 OK"
INFO httpx: HTTP Request: GET https://latamlist.com/feed/ "HTTP/1.1 200 OK"
INFO httpx: HTTP Request: GET https://www.bloomberglinea.com/arc/outboundfeeds/rss/?outputType=xml "HTTP/1.1 200 OK"
INFO httpx: HTTP Request: GET https://www.forbes.com.mx/feed/ "HTTP/1.1 301 Moved Permanently"
INFO httpx: HTTP Request: GET https://forbes.com.mx/feed/ "HTTP/1.1 403 Forbidden"
INFO httpx: HTTP Request: GET https://elceo.com/feed/ "HTTP/1.1 403 Forbidden"
INFO httpx: HTTP Request: GET https://www.xataka.com.mx/tag/feeds/rss2.xml "HTTP/1.1 200 OK"
INFO hd_scraper.pipeline: rss_fijos[Fintual/ronda] vistos=0 escritos=0 no_fechados=0 duplicados=0 rechazados=0 filtrados=0 errores=0
rss_fijos[Fintual/ronda] vistos=0 escritos=0 no_fechados=0 duplicados=0 rechazados=0 filtrados=0 errores=0
INFO httpx: HTTP Request: GET https://startupeable.com/feed/ "HTTP/1.1 200 OK"
INFO httpx: HTTP Request: GET https://contxto.com/feed/ "HTTP/1.1 200 OK"
INFO httpx: HTTP Request: GET https://www.lavca.org/feed/ "HTTP/1.1 200 OK"
INFO httpx: HTTP Request: GET https://latamlist.com/feed/ "HTTP/1.1 200 OK"
INFO httpx: HTTP Request: GET https://www.bloomberglinea.com/arc/outboundfeeds/rss/?outputType=xml "HTTP/1.1 200 OK"
INFO httpx: HTTP Request: GET https://www.forbes.com.mx/feed/ "HTTP/1.1 301 Moved Permanently"
INFO httpx: HTTP Request: GET https://forbes.com.mx/feed/ "HTTP/1.1 403 Forbidden"
INFO httpx: HTTP Request: GET https://elceo.com/feed/ "HTTP/1.1 403 Forbidden"
INFO httpx: HTTP Request: GET https://www.xataka.com.mx/tag/feeds/rss2.xml "HTTP/1.1 200 OK"
INFO hd_scraper.pipeline: rss_fijos[Zubale/ronda] vistos=0 escritos=0 no_fechados=0 duplicados=0 rechazados=0 filtrados=0 errores=0
rss_fijos[Zubale/ronda] vistos=0 escritos=0 no_fechados=0 duplicados=0 rechazados=0 filtrados=0 errores=0
INFO httpx: HTTP Request: GET https://startupeable.com/feed/ "HTTP/1.1 200 OK"
INFO httpx: HTTP Request: GET https://contxto.com/feed/ "HTTP/1.1 200 OK"
INFO httpx: HTTP Request: GET https://www.lavca.org/feed/ "HTTP/1.1 200 OK"
INFO httpx: HTTP Request: GET https://latamlist.com/feed/ "HTTP/1.1 200 OK"
INFO httpx: HTTP Request: GET https://www.bloomberglinea.com/arc/outboundfeeds/rss/?outputType=xml "HTTP/1.1 200 OK"
INFO httpx: HTTP Request: GET https://www.forbes.com.mx/feed/ "HTTP/1.1 301 Moved Permanently"
INFO httpx: HTTP Request: GET https://forbes.com.mx/feed/ "HTTP/1.1 403 Forbidden"
INFO httpx: HTTP Request: GET https://elceo.com/feed/ "HTTP/1.1 403 Forbidden"
INFO httpx: HTTP Request: GET https://www.xataka.com.mx/tag/feeds/rss2.xml "HTTP/1.1 200 OK"
INFO hd_scraper.pipeline: rss_fijos[Start-Up Chile/ronda] vistos=0 escritos=0 no_fechados=0 duplicados=0 rechazados=0 filtrados=0 errores=0
rss_fijos[Start-Up Chile/ronda] vistos=0 escritos=0 no_fechados=0 duplicados=0 rechazados=0 filtrados=0 errores=0
INFO httpx: HTTP Request: GET https://startupeable.com/feed/ "HTTP/1.1 200 OK"
INFO httpx: HTTP Request: GET https://contxto.com/feed/ "HTTP/1.1 200 OK"
INFO httpx: HTTP Request: GET https://www.lavca.org/feed/ "HTTP/1.1 200 OK"
INFO httpx: HTTP Request: GET https://latamlist.com/feed/ "HTTP/1.1 200 OK"
INFO httpx: HTTP Request: GET https://www.bloomberglinea.com/arc/outboundfeeds/rss/?outputType=xml "HTTP/1.1 200 OK"
INFO httpx: HTTP Request: GET https://www.forbes.com.mx/feed/ "HTTP/1.1 301 Moved Permanently"
INFO httpx: HTTP Request: GET https://forbes.com.mx/feed/ "HTTP/1.1 403 Forbidden"
INFO httpx: HTTP Request: GET https://elceo.com/feed/ "HTTP/1.1 403 Forbidden"
INFO httpx: HTTP Request: GET https://www.xataka.com.mx/tag/feeds/rss2.xml "HTTP/1.1 200 OK"
INFO hd_scraper.pipeline: rss_fijos[Wayra/ronda] vistos=0 escritos=0 no_fechados=0 duplicados=0 rechazados=0 filtrados=0 errores=0
rss_fijos[Wayra/ronda] vistos=0 escritos=0 no_fechados=0 duplicados=0 rechazados=0 filtrados=0 errores=0
INFO httpx: HTTP Request: GET https://startupeable.com/feed/ "HTTP/1.1 200 OK"
INFO httpx: HTTP Request: GET https://contxto.com/feed/ "HTTP/1.1 200 OK"
INFO httpx: HTTP Request: GET https://www.lavca.org/feed/ "HTTP/1.1 200 OK"
INFO httpx: HTTP Request: GET https://latamlist.com/feed/ "HTTP/1.1 200 OK"
INFO httpx: HTTP Request: GET https://www.bloomberglinea.com/arc/outboundfeeds/rss/?outputType=xml "HTTP/1.1 200 OK"
INFO httpx: HTTP Request: GET https://www.forbes.com.mx/feed/ "HTTP/1.1 301 Moved Permanently"
INFO httpx: HTTP Request: GET https://forbes.com.mx/feed/ "HTTP/1.1 403 Forbidden"
INFO httpx: HTTP Request: GET https://elceo.com/feed/ "HTTP/1.1 403 Forbidden"
INFO httpx: HTTP Request: GET https://www.xataka.com.mx/tag/feeds/rss2.xml "HTTP/1.1 200 OK"
INFO hd_scraper.pipeline: rss_fijos[Endeavor/ronda] vistos=1 escritos=1 no_fechados=0 duplicados=0 rechazados=0 filtrados=0 errores=0
rss_fijos[Endeavor/ronda] vistos=1 escritos=1 no_fechados=0 duplicados=0 rechazados=0 filtrados=0 errores=0
INFO httpx: HTTP Request: GET https://startupeable.com/feed/ "HTTP/1.1 200 OK"
INFO httpx: HTTP Request: GET https://contxto.com/feed/ "HTTP/1.1 200 OK"
INFO httpx: HTTP Request: GET https://www.lavca.org/feed/ "HTTP/1.1 200 OK"
INFO httpx: HTTP Request: GET https://latamlist.com/feed/ "HTTP/1.1 200 OK"
INFO httpx: HTTP Request: GET https://www.bloomberglinea.com/arc/outboundfeeds/rss/?outputType=xml "HTTP/1.1 200 OK"
INFO httpx: HTTP Request: GET https://www.forbes.com.mx/feed/ "HTTP/1.1 301 Moved Permanently"
INFO httpx: HTTP Request: GET https://forbes.com.mx/feed/ "HTTP/1.1 403 Forbidden"
INFO httpx: HTTP Request: GET https://elceo.com/feed/ "HTTP/1.1 403 Forbidden"
INFO httpx: HTTP Request: GET https://www.xataka.com.mx/tag/feeds/rss2.xml "HTTP/1.1 200 OK"
INFO hd_scraper.pipeline: rss_fijos[INCmty/ronda] vistos=0 escritos=0 no_fechados=0 duplicados=0 rechazados=0 filtrados=0 errores=0
rss_fijos[INCmty/ronda] vistos=0 escritos=0 no_fechados=0 duplicados=0 rechazados=0 filtrados=0 errores=0
INFO httpx: HTTP Request: GET https://startupeable.com/feed/ "HTTP/1.1 200 OK"
INFO httpx: HTTP Request: GET https://contxto.com/feed/ "HTTP/1.1 200 OK"
INFO httpx: HTTP Request: GET https://www.lavca.org/feed/ "HTTP/1.1 200 OK"
INFO httpx: HTTP Request: GET https://latamlist.com/feed/ "HTTP/1.1 200 OK"
INFO httpx: HTTP Request: GET https://www.bloomberglinea.com/arc/outboundfeeds/rss/?outputType=xml "HTTP/1.1 200 OK"
INFO httpx: HTTP Request: GET https://www.forbes.com.mx/feed/ "HTTP/1.1 301 Moved Permanently"
INFO httpx: HTTP Request: GET https://forbes.com.mx/feed/ "HTTP/1.1 403 Forbidden"
INFO httpx: HTTP Request: GET https://elceo.com/feed/ "HTTP/1.1 403 Forbidden"
INFO httpx: HTTP Request: GET https://www.xataka.com.mx/tag/feeds/rss2.xml "HTTP/1.1 200 OK"
INFO hd_scraper.pipeline: rss_fijos[MassChallenge México/ronda] vistos=0 escritos=0 no_fechados=0 duplicados=0 rechazados=0 filtrados=0 errores=0
rss_fijos[MassChallenge México/ronda] vistos=0 escritos=0 no_fechados=0 duplicados=0 rechazados=0 filtrados=0 errores=0
INFO httpx: HTTP Request: GET https://startupeable.com/feed/ "HTTP/1.1 200 OK"
INFO httpx: HTTP Request: GET https://contxto.com/feed/ "HTTP/1.1 200 OK"
INFO httpx: HTTP Request: GET https://www.lavca.org/feed/ "HTTP/1.1 200 OK"
INFO httpx: HTTP Request: GET https://latamlist.com/feed/ "HTTP/1.1 200 OK"
INFO httpx: HTTP Request: GET https://www.bloomberglinea.com/arc/outboundfeeds/rss/?outputType=xml "HTTP/1.1 200 OK"
INFO httpx: HTTP Request: GET https://www.forbes.com.mx/feed/ "HTTP/1.1 301 Moved Permanently"
INFO httpx: HTTP Request: GET https://forbes.com.mx/feed/ "HTTP/1.1 403 Forbidden"
INFO httpx: HTTP Request: GET https://elceo.com/feed/ "HTTP/1.1 403 Forbidden"
INFO httpx: HTTP Request: GET https://www.xataka.com.mx/tag/feeds/rss2.xml "HTTP/1.1 200 OK"
INFO hd_scraper.pipeline: rss_fijos[Founder Institute/ronda] vistos=0 escritos=0 no_fechados=0 duplicados=0 rechazados=0 filtrados=0 errores=0
rss_fijos[Founder Institute/ronda] vistos=0 escritos=0 no_fechados=0 duplicados=0 rechazados=0 filtrados=0 errores=0
INFO httpx: HTTP Request: GET https://startupeable.com/feed/ "HTTP/1.1 200 OK"
INFO httpx: HTTP Request: GET https://contxto.com/feed/ "HTTP/1.1 200 OK"
INFO httpx: HTTP Request: GET https://www.lavca.org/feed/ "HTTP/1.1 200 OK"
INFO httpx: HTTP Request: GET https://latamlist.com/feed/ "HTTP/1.1 200 OK"
INFO httpx: HTTP Request: GET https://www.bloomberglinea.com/arc/outboundfeeds/rss/?outputType=xml "HTTP/1.1 200 OK"
INFO httpx: HTTP Request: GET https://www.forbes.com.mx/feed/ "HTTP/1.1 301 Moved Permanently"
INFO httpx: HTTP Request: GET https://forbes.com.mx/feed/ "HTTP/1.1 403 Forbidden"
INFO httpx: HTTP Request: GET https://elceo.com/feed/ "HTTP/1.1 403 Forbidden"
INFO httpx: HTTP Request: GET https://www.xataka.com.mx/tag/feeds/rss2.xml "HTTP/1.1 200 OK"
INFO hd_scraper.pipeline: rss_fijos[Socialab/ronda] vistos=0 escritos=0 no_fechados=0 duplicados=0 rechazados=0 filtrados=0 errores=0
rss_fijos[Socialab/ronda] vistos=0 escritos=0 no_fechados=0 duplicados=0 rechazados=0 filtrados=0 errores=0
INFO httpx: HTTP Request: GET https://startupeable.com/feed/ "HTTP/1.1 200 OK"
INFO httpx: HTTP Request: GET https://contxto.com/feed/ "HTTP/1.1 200 OK"
INFO httpx: HTTP Request: GET https://www.lavca.org/feed/ "HTTP/1.1 200 OK"
INFO httpx: HTTP Request: GET https://latamlist.com/feed/ "HTTP/1.1 200 OK"
INFO httpx: HTTP Request: GET https://www.bloomberglinea.com/arc/outboundfeeds/rss/?outputType=xml "HTTP/1.1 200 OK"
INFO httpx: HTTP Request: GET https://www.forbes.com.mx/feed/ "HTTP/1.1 301 Moved Permanently"
INFO httpx: HTTP Request: GET https://forbes.com.mx/feed/ "HTTP/1.1 403 Forbidden"
INFO httpx: HTTP Request: GET https://elceo.com/feed/ "HTTP/1.1 403 Forbidden"
INFO httpx: HTTP Request: GET https://www.xataka.com.mx/tag/feeds/rss2.xml "HTTP/1.1 200 OK"
INFO hd_scraper.pipeline: rss_fijos[Platanus Ventures/ronda] vistos=0 escritos=0 no_fechados=0 duplicados=0 rechazados=0 filtrados=0 errores=0
rss_fijos[Platanus Ventures/ronda] vistos=0 escritos=0 no_fechados=0 duplicados=0 rechazados=0 filtrados=0 errores=0
INFO httpx: HTTP Request: GET https://startupeable.com/feed/ "HTTP/1.1 200 OK"
INFO httpx: HTTP Request: GET https://contxto.com/feed/ "HTTP/1.1 200 OK"
INFO httpx: HTTP Request: GET https://www.lavca.org/feed/ "HTTP/1.1 200 OK"
INFO httpx: HTTP Request: GET https://latamlist.com/feed/ "HTTP/1.1 200 OK"
INFO httpx: HTTP Request: GET https://www.bloomberglinea.com/arc/outboundfeeds/rss/?outputType=xml "HTTP/1.1 200 OK"
INFO httpx: HTTP Request: GET https://www.forbes.com.mx/feed/ "HTTP/1.1 301 Moved Permanently"
INFO httpx: HTTP Request: GET https://forbes.com.mx/feed/ "HTTP/1.1 403 Forbidden"
INFO httpx: HTTP Request: GET https://elceo.com/feed/ "HTTP/1.1 403 Forbidden"
INFO httpx: HTTP Request: GET https://www.xataka.com.mx/tag/feeds/rss2.xml "HTTP/1.1 200 OK"
INFO hd_scraper.pipeline: rss_fijos[500 Global LATAM/ronda] vistos=0 escritos=0 no_fechados=0 duplicados=0 rechazados=0 filtrados=0 errores=0
rss_fijos[500 Global LATAM/ronda] vistos=0 escritos=0 no_fechados=0 duplicados=0 rechazados=0 filtrados=0 errores=0
INFO httpx: HTTP Request: GET https://startupeable.com/feed/ "HTTP/1.1 200 OK"
INFO httpx: HTTP Request: GET https://contxto.com/feed/ "HTTP/1.1 200 OK"
INFO httpx: HTTP Request: GET https://www.lavca.org/feed/ "HTTP/1.1 200 OK"
INFO httpx: HTTP Request: GET https://latamlist.com/feed/ "HTTP/1.1 200 OK"
INFO httpx: HTTP Request: GET https://www.bloomberglinea.com/arc/outboundfeeds/rss/?outputType=xml "HTTP/1.1 200 OK"
INFO httpx: HTTP Request: GET https://www.forbes.com.mx/feed/ "HTTP/1.1 301 Moved Permanently"
INFO httpx: HTTP Request: GET https://forbes.com.mx/feed/ "HTTP/1.1 403 Forbidden"
INFO httpx: HTTP Request: GET https://elceo.com/feed/ "HTTP/1.1 403 Forbidden"
INFO httpx: HTTP Request: GET https://www.xataka.com.mx/tag/feeds/rss2.xml "HTTP/1.1 200 OK"
INFO hd_scraper.pipeline: rss_fijos[Y Combinator/ronda] vistos=0 escritos=0 no_fechados=0 duplicados=0 rechazados=0 filtrados=0 errores=0
rss_fijos[Y Combinator/ronda] vistos=0 escritos=0 no_fechados=0 duplicados=0 rechazados=0 filtrados=0 errores=0
INFO httpx: HTTP Request: GET https://startupeable.com/feed/ "HTTP/1.1 200 OK"
INFO httpx: HTTP Request: GET https://contxto.com/feed/ "HTTP/1.1 200 OK"
INFO httpx: HTTP Request: GET https://www.lavca.org/feed/ "HTTP/1.1 200 OK"
INFO httpx: HTTP Request: GET https://latamlist.com/feed/ "HTTP/1.1 200 OK"
INFO httpx: HTTP Request: GET https://www.bloomberglinea.com/arc/outboundfeeds/rss/?outputType=xml "HTTP/1.1 200 OK"
INFO httpx: HTTP Request: GET https://www.forbes.com.mx/feed/ "HTTP/1.1 301 Moved Permanently"
INFO httpx: HTTP Request: GET https://forbes.com.mx/feed/ "HTTP/1.1 403 Forbidden"
INFO httpx: HTTP Request: GET https://elceo.com/feed/ "HTTP/1.1 403 Forbidden"
INFO httpx: HTTP Request: GET https://www.xataka.com.mx/tag/feeds/rss2.xml "HTTP/1.1 200 OK"
INFO hd_scraper.pipeline: rss_fijos[Mercado Libre/ronda] vistos=0 escritos=0 no_fechados=0 duplicados=0 rechazados=0 filtrados=0 errores=0
rss_fijos[Mercado Libre/ronda] vistos=0 escritos=0 no_fechados=0 duplicados=0 rechazados=0 filtrados=0 errores=0
INFO httpx: HTTP Request: GET https://startupeable.com/feed/ "HTTP/1.1 200 OK"
INFO httpx: HTTP Request: GET https://contxto.com/feed/ "HTTP/1.1 200 OK"
INFO httpx: HTTP Request: GET https://www.lavca.org/feed/ "HTTP/1.1 200 OK"
INFO httpx: HTTP Request: GET https://latamlist.com/feed/ "HTTP/1.1 200 OK"
INFO httpx: HTTP Request: GET https://www.bloomberglinea.com/arc/outboundfeeds/rss/?outputType=xml "HTTP/1.1 200 OK"
INFO httpx: HTTP Request: GET https://www.forbes.com.mx/feed/ "HTTP/1.1 301 Moved Permanently"
INFO httpx: HTTP Request: GET https://forbes.com.mx/feed/ "HTTP/1.1 403 Forbidden"
INFO httpx: HTTP Request: GET https://elceo.com/feed/ "HTTP/1.1 403 Forbidden"
INFO httpx: HTTP Request: GET https://www.xataka.com.mx/tag/feeds/rss2.xml "HTTP/1.1 200 OK"
INFO hd_scraper.pipeline: rss_fijos[Globant/ronda] vistos=0 escritos=0 no_fechados=0 duplicados=0 rechazados=0 filtrados=0 errores=0
rss_fijos[Globant/ronda] vistos=0 escritos=0 no_fechados=0 duplicados=0 rechazados=0 filtrados=0 errores=0
INFO httpx: HTTP Request: GET https://startupeable.com/feed/ "HTTP/1.1 200 OK"
INFO httpx: HTTP Request: GET https://contxto.com/feed/ "HTTP/1.1 200 OK"
INFO httpx: HTTP Request: GET https://www.lavca.org/feed/ "HTTP/1.1 200 OK"
INFO httpx: HTTP Request: GET https://latamlist.com/feed/ "HTTP/1.1 200 OK"
INFO httpx: HTTP Request: GET https://www.bloomberglinea.com/arc/outboundfeeds/rss/?outputType=xml "HTTP/1.1 200 OK"
INFO httpx: HTTP Request: GET https://www.forbes.com.mx/feed/ "HTTP/1.1 301 Moved Permanently"
INFO httpx: HTTP Request: GET https://forbes.com.mx/feed/ "HTTP/1.1 403 Forbidden"
INFO httpx: HTTP Request: GET https://elceo.com/feed/ "HTTP/1.1 403 Forbidden"
INFO httpx: HTTP Request: GET https://www.xataka.com.mx/tag/feeds/rss2.xml "HTTP/1.1 200 OK"
INFO hd_scraper.pipeline: rss_fijos[Grupo Bimbo/ronda] vistos=0 escritos=0 no_fechados=0 duplicados=0 rechazados=0 filtrados=0 errores=0
rss_fijos[Grupo Bimbo/ronda] vistos=0 escritos=0 no_fechados=0 duplicados=0 rechazados=0 filtrados=0 errores=0
INFO httpx: HTTP Request: GET https://startupeable.com/feed/ "HTTP/1.1 200 OK"
INFO httpx: HTTP Request: GET https://contxto.com/feed/ "HTTP/1.1 200 OK"
INFO httpx: HTTP Request: GET https://www.lavca.org/feed/ "HTTP/1.1 200 OK"
INFO httpx: HTTP Request: GET https://latamlist.com/feed/ "HTTP/1.1 200 OK"
INFO httpx: HTTP Request: GET https://www.bloomberglinea.com/arc/outboundfeeds/rss/?outputType=xml "HTTP/1.1 200 OK"
INFO httpx: HTTP Request: GET https://www.forbes.com.mx/feed/ "HTTP/1.1 301 Moved Permanently"
INFO httpx: HTTP Request: GET https://forbes.com.mx/feed/ "HTTP/1.1 403 Forbidden"
INFO httpx: HTTP Request: GET https://elceo.com/feed/ "HTTP/1.1 403 Forbidden"
INFO httpx: HTTP Request: GET https://www.xataka.com.mx/tag/feeds/rss2.xml "HTTP/1.1 200 OK"
INFO hd_scraper.pipeline: rss_fijos[FEMSA/ronda] vistos=0 escritos=0 no_fechados=0 duplicados=0 rechazados=0 filtrados=0 errores=0
rss_fijos[FEMSA/ronda] vistos=0 escritos=0 no_fechados=0 duplicados=0 rechazados=0 filtrados=0 errores=0
INFO httpx: HTTP Request: GET https://startupeable.com/feed/ "HTTP/1.1 200 OK"
INFO httpx: HTTP Request: GET https://contxto.com/feed/ "HTTP/1.1 200 OK"
INFO httpx: HTTP Request: GET https://www.lavca.org/feed/ "HTTP/1.1 200 OK"
INFO httpx: HTTP Request: GET https://latamlist.com/feed/ "HTTP/1.1 200 OK"
INFO httpx: HTTP Request: GET https://www.bloomberglinea.com/arc/outboundfeeds/rss/?outputType=xml "HTTP/1.1 200 OK"
INFO httpx: HTTP Request: GET https://www.forbes.com.mx/feed/ "HTTP/1.1 301 Moved Permanently"
INFO httpx: HTTP Request: GET https://forbes.com.mx/feed/ "HTTP/1.1 403 Forbidden"
INFO httpx: HTTP Request: GET https://elceo.com/feed/ "HTTP/1.1 403 Forbidden"
INFO httpx: HTTP Request: GET https://www.xataka.com.mx/tag/feeds/rss2.xml "HTTP/1.1 200 OK"
INFO hd_scraper.pipeline: rss_fijos[Falabella/ronda] vistos=0 escritos=0 no_fechados=0 duplicados=0 rechazados=0 filtrados=0 errores=0
rss_fijos[Falabella/ronda] vistos=0 escritos=0 no_fechados=0 duplicados=0 rechazados=0 filtrados=0 errores=0
INFO httpx: HTTP Request: GET https://startupeable.com/feed/ "HTTP/1.1 200 OK"
INFO httpx: HTTP Request: GET https://contxto.com/feed/ "HTTP/1.1 200 OK"
INFO httpx: HTTP Request: GET https://www.lavca.org/feed/ "HTTP/1.1 200 OK"
INFO httpx: HTTP Request: GET https://latamlist.com/feed/ "HTTP/1.1 200 OK"
INFO httpx: HTTP Request: GET https://www.bloomberglinea.com/arc/outboundfeeds/rss/?outputType=xml "HTTP/1.1 200 OK"
INFO httpx: HTTP Request: GET https://www.forbes.com.mx/feed/ "HTTP/1.1 301 Moved Permanently"
INFO httpx: HTTP Request: GET https://forbes.com.mx/feed/ "HTTP/1.1 403 Forbidden"
INFO httpx: HTTP Request: GET https://elceo.com/feed/ "HTTP/1.1 403 Forbidden"
INFO httpx: HTTP Request: GET https://www.xataka.com.mx/tag/feeds/rss2.xml "HTTP/1.1 200 OK"
INFO hd_scraper.pipeline: rss_fijos[CEMEX/ronda] vistos=0 escritos=0 no_fechados=0 duplicados=0 rechazados=0 filtrados=0 errores=0
rss_fijos[CEMEX/ronda] vistos=0 escritos=0 no_fechados=0 duplicados=0 rechazados=0 filtrados=0 errores=0
INFO httpx: HTTP Request: GET https://startupeable.com/feed/ "HTTP/1.1 200 OK"
INFO httpx: HTTP Request: GET https://contxto.com/feed/ "HTTP/1.1 200 OK"
INFO httpx: HTTP Request: GET https://www.lavca.org/feed/ "HTTP/1.1 200 OK"
INFO httpx: HTTP Request: GET https://latamlist.com/feed/ "HTTP/1.1 200 OK"
INFO httpx: HTTP Request: GET https://www.bloomberglinea.com/arc/outboundfeeds/rss/?outputType=xml "HTTP/1.1 200 OK"
INFO httpx: HTTP Request: GET https://www.forbes.com.mx/feed/ "HTTP/1.1 301 Moved Permanently"
INFO httpx: HTTP Request: GET https://forbes.com.mx/feed/ "HTTP/1.1 403 Forbidden"
INFO httpx: HTTP Request: GET https://elceo.com/feed/ "HTTP/1.1 403 Forbidden"
INFO httpx: HTTP Request: GET https://www.xataka.com.mx/tag/feeds/rss2.xml "HTTP/1.1 200 OK"
INFO hd_scraper.pipeline: rss_fijos[BBVA México/ronda] vistos=0 escritos=0 no_fechados=0 duplicados=0 rechazados=0 filtrados=0 errores=0
rss_fijos[BBVA México/ronda] vistos=0 escritos=0 no_fechados=0 duplicados=0 rechazados=0 filtrados=0 errores=0
INFO httpx: HTTP Request: GET https://startupeable.com/feed/ "HTTP/1.1 200 OK"
INFO httpx: HTTP Request: GET https://contxto.com/feed/ "HTTP/1.1 200 OK"
INFO httpx: HTTP Request: GET https://www.lavca.org/feed/ "HTTP/1.1 200 OK"
INFO httpx: HTTP Request: GET https://latamlist.com/feed/ "HTTP/1.1 200 OK"
INFO httpx: HTTP Request: GET https://www.bloomberglinea.com/arc/outboundfeeds/rss/?outputType=xml "HTTP/1.1 200 OK"
INFO httpx: HTTP Request: GET https://www.forbes.com.mx/feed/ "HTTP/1.1 301 Moved Permanently"
INFO httpx: HTTP Request: GET https://forbes.com.mx/feed/ "HTTP/1.1 403 Forbidden"
INFO httpx: HTTP Request: GET https://elceo.com/feed/ "HTTP/1.1 403 Forbidden"
INFO httpx: HTTP Request: GET https://www.xataka.com.mx/tag/feeds/rss2.xml "HTTP/1.1 200 OK"
INFO hd_scraper.pipeline: rss_fijos[Banco Santander México/ronda] vistos=0 escritos=0 no_fechados=0 duplicados=0 rechazados=0 filtrados=0 errores=0
rss_fijos[Banco Santander México/ronda] vistos=0 escritos=0 no_fechados=0 duplicados=0 rechazados=0 filtrados=0 errores=0
INFO httpx: HTTP Request: GET https://startupeable.com/feed/ "HTTP/1.1 200 OK"
INFO httpx: HTTP Request: GET https://contxto.com/feed/ "HTTP/1.1 200 OK"
INFO httpx: HTTP Request: GET https://www.lavca.org/feed/ "HTTP/1.1 200 OK"
INFO httpx: HTTP Request: GET https://latamlist.com/feed/ "HTTP/1.1 200 OK"
INFO httpx: HTTP Request: GET https://www.bloomberglinea.com/arc/outboundfeeds/rss/?outputType=xml "HTTP/1.1 200 OK"
INFO httpx: HTTP Request: GET https://www.forbes.com.mx/feed/ "HTTP/1.1 301 Moved Permanently"
INFO httpx: HTTP Request: GET https://forbes.com.mx/feed/ "HTTP/1.1 403 Forbidden"
INFO httpx: HTTP Request: GET https://elceo.com/feed/ "HTTP/1.1 403 Forbidden"
INFO httpx: HTTP Request: GET https://www.xataka.com.mx/tag/feeds/rss2.xml "HTTP/1.1 200 OK"
INFO hd_scraper.pipeline: rss_fijos[Arca Continental/ronda] vistos=0 escritos=0 no_fechados=0 duplicados=0 rechazados=0 filtrados=0 errores=0
rss_fijos[Arca Continental/ronda] vistos=0 escritos=0 no_fechados=0 duplicados=0 rechazados=0 filtrados=0 errores=0
INFO httpx: HTTP Request: GET https://startupeable.com/feed/ "HTTP/1.1 200 OK"
INFO httpx: HTTP Request: GET https://contxto.com/feed/ "HTTP/1.1 200 OK"
INFO httpx: HTTP Request: GET https://www.lavca.org/feed/ "HTTP/1.1 200 OK"
INFO httpx: HTTP Request: GET https://latamlist.com/feed/ "HTTP/1.1 200 OK"
INFO httpx: HTTP Request: GET https://www.bloomberglinea.com/arc/outboundfeeds/rss/?outputType=xml "HTTP/1.1 200 OK"
INFO httpx: HTTP Request: GET https://www.forbes.com.mx/feed/ "HTTP/1.1 301 Moved Permanently"
INFO httpx: HTTP Request: GET https://forbes.com.mx/feed/ "HTTP/1.1 403 Forbidden"
INFO httpx: HTTP Request: GET https://elceo.com/feed/ "HTTP/1.1 403 Forbidden"
INFO httpx: HTTP Request: GET https://www.xataka.com.mx/tag/feeds/rss2.xml "HTTP/1.1 200 OK"
INFO hd_scraper.pipeline: rss_fijos[Grupo Salinas/ronda] vistos=0 escritos=0 no_fechados=0 duplicados=0 rechazados=0 filtrados=0 errores=0
rss_fijos[Grupo Salinas/ronda] vistos=0 escritos=0 no_fechados=0 duplicados=0 rechazados=0 filtrados=0 errores=0
